<!doctype html>
<html lang="en">
  <head>
    <meta charset="utf-8">
    <title>sample</title>
    <meta name="viewport" content="width=device-width, initial-scale=1">
  </head>
  <body>
    <h1>This is a test</h1>
    <div class="admonition admonition-note alert alert--secondary">
      <div class="admonition-heading">
        <h5>Note</h5>
      </div>
      <div class="admonition-content">
        <p>This is what a note looks like</p>
      </div>
    </div>
    <div class="admonition admonition-tip alert alert--success">
      <div class="admonition-heading">
        <h5>Tip</h5>
      </div>
      <div class="admonition-content">
        <p>It works great with docusaurus 2.0</p>
      </div>
    </div>
    <div class="admonition admonition-caution alert alert--warning">
      <div class="admonition-heading">
        <h5 id="you-can-set-your-own-title">you can set <em>your own</em> title</h5>
      </div>
      <div class="admonition-content">
        <p>it replaces the default title</p>
      </div>
    </div>
    <div class="admonition admonition-important alert alert--info">
      <div class="admonition-heading">
        <h5 id="credit">credit</h5>
      </div>
      <div class="admonition-content">
        <p>Based on <code>remarkable-admonitions</code></p>
        <p>SVG Icons by GitHub Octicons</p>
      </div>
    </div>
    <div class="admonition admonition-warning alert alert--danger">
      <div class="admonition-heading">
        <h5>Warning</h5>
      </div>
      <div class="admonition-content">
        <p>You can nest them</p>
        <ul>
          <li>and</li>
          <li>you</li>
          <li>can</li>
          <li>nest</li>
          <li>other</li>
          <li>markdown</li>
        </ul>
        <pre><code class="language-javascript">// you can even use block elements
</code></pre>
      </div>
    </div>
    <div class="admonition admonition-custom">
      <div class="admonition-heading">
        <h5>Custom</h5>
      </div>
      <div class="admonition-content">
        <p>You can make your own custom types. The icon, keyword, and emoji can be set in the plugin options and they can be styled separately.</p>
      </div>
    </div>
    <div class="admonition admonition-info alert alert--info">
      <div class="admonition-heading">
        <h5 id="nested-admonitions">nested admonitions</h5>
      </div>
      <div class="admonition-content">
        <p>Admonitions can be nested.</p>
        <div class="admonition admonition-success alert alert--success">
          <div class="admonition-heading">
            <h5>Success</h5>
          </div>
          <div class="admonition-content">
            <p>it works!</p>
          </div>
        </div>
      </div>
    </div>
  </body>
</html>
